[landing.zytheme.com/cobuild/landing-1.html]
[landing.zytheme.com/cobuild/assets/images/favicon/favicon.ico]
[landing.zytheme.com/cobuild/assets/css/external.css]
[landing.zytheme.com/cobuild/assets/css/cons.css]
[landing.zytheme.com/cobuild/assets/css/bootstrap.min.css]
[backblue.gif]
[fade.gif]
[index.html]
[landing.zytheme.com/cobuild/assets/css/style.css]
[landing.zytheme.com/cobuild/assets/images/logo/logo-dark.png]
[landing.zytheme.com/cobuild/assets/images/logo/logo-light.png]
[landing.zytheme.com/cobuild/assets/images/hero/1.jpg]
[landing.zytheme.com/cobuild/assets/images/portfolio/constructions/1.jpg]
[landing.zytheme.com/cobuild/assets/images/portfolio/constructions/full/1.jpg]
[landing.zytheme.com/cobuild/assets/images/portfolio/constructions/2.jpg]
[landing.zytheme.com/cobuild/assets/images/portfolio/constructions/full/2.jpg]
[landing.zytheme.com/cobuild/assets/images/portfolio/constructions/3.jpg]
[landing.zytheme.com/cobuild/assets/images/portfolio/constructions/full/3.jpg]
[landing.zytheme.com/cobuild/assets/images/portfolio/constructions/4.jpg]
[landing.zytheme.com/cobuild/assets/images/portfolio/constructions/full/4.jpg]
[landing.zytheme.com/cobuild/assets/images/portfolio/constructions/5.jpg]
[landing.zytheme.com/cobuild/assets/images/portfolio/constructions/full/5.jpg]
[landing.zytheme.com/cobuild/assets/images/portfolio/constructions/6.jpg]
[landing.zytheme.com/cobuild/assets/images/portfolio/constructions/full/6.jpg]
[landing.zytheme.com/cobuild/assets/images/testimonials/1.jpg]
[landing.zytheme.com/cobuild/assets/images/testimonials/4.jpg]
[landing.zytheme.com/cdn-cgi/scripts/5c5dd728/cloudflare-static/email-decode.min.js]
[landing.zytheme.com/cobuild/assets/js/jquery-2.2.4.min.js]
[landing.zytheme.com/cobuild/assets/js/plugins.js]
[landing.zytheme.com/cobuild/landing-1.html]
[landing.zytheme.com/cobuild/assets/js/functions.js]
[landing.zytheme.com/cobuild/assets/fonts/fontawesome-webfont5b62.eot]
[landing.zytheme.com/cobuild/assets/fonts/fontawesome-webfontd41d.eot]
[landing.zytheme.com/cobuild/assets/fonts/fontawesome-webfont5b62.woff2]
[landing.zytheme.com/cobuild/assets/fonts/fontawesome-webfont5b62.woff]
[landing.zytheme.com/cobuild/assets/fonts/fontawesome-webfont5b62.ttf]
[landing.zytheme.com/cobuild/assets/css/fonts/Linearicons-Free54e9.eot]
[landing.zytheme.com/cobuild/assets/css/fonts/Linearicons-Freed41d.eot]
[landing.zytheme.com/cobuild/assets/css/fonts/Linearicons-Free54e9.woff2]
[landing.zytheme.com/cobuild/assets/css/fonts/Linearicons-Free54e9.woff]
[landing.zytheme.com/cobuild/assets/css/fonts/Linearicons-Free54e9.ttf]
[landing.zytheme.com/cobuild/assets/fonts/themify.eot]
[landing.zytheme.com/cobuild/assets/fonts/themifyd41d.eot]
[landing.zytheme.com/cobuild/assets/fonts/themify.woff]
[landing.zytheme.com/cobuild/assets/fonts/themify.ttf]
[landing.zytheme.com/cobuild/assets/css/external.css]
[landing.zytheme.com/cobuild/assets/fonts/themify9f24.svg]
[landing.zytheme.com/cobuild/assets/css/fonts/cons.eot]
[landing.zytheme.com/cobuild/assets/css/fonts/consd41d.eot]
[landing.zytheme.com/cobuild/assets/css/fonts/cons.woff]
[landing.zytheme.com/cobuild/assets/css/fonts/cons.ttf]
[landing.zytheme.com/cobuild/assets/css/cons.css]
[landing.zytheme.com/cobuild/assets/css/fonts/cons.svg]
[landing.zytheme.com/cobuild/assets/css/bootstrap.min.css]
[landing.zytheme.com/cobuild/assets/css/style.css]
[landing.zytheme.com/cobuild/assets/fonts/themify9f24.svg]
[landing.zytheme.com/cobuild/assets/css/fonts/cons.svg]
[landing.zytheme.com/cobuild/index-2.html]
[landing.zytheme.com/cobuild/assets/fonts/fontawesome-webfont5b62.html]
[landing.zytheme.com/cobuild/assets/css/fonts/Stroke-Gap-Icons.html]
[landing.zytheme.com/cobuild/assets/css/fonts/Linearicons-Free54e9.html]
[landing.zytheme.com/cobuild/assets/css/owl.video.play.html]
[landing.zytheme.com/cobuild/assets/css/font/ytp-regular.html]
[landing.zytheme.com/cobuild/assets/fonts/glyphicons-halflings-regular.html]
[landing.zytheme.com/cobuild/assets/fonts/glyphicons-halflings-regulard41d.html]
[landing.zytheme.com/cobuild/assets/fonts/glyphicons-halflings-regular-2.html]
[landing.zytheme.com/cobuild/assets/fonts/glyphicons-halflings-regular-3.html]
[landing.zytheme.com/cobuild/assets/fonts/glyphicons-halflings-regular-4.html]
[landing.zytheme.com/cobuild/assets/fonts/glyphicons-halflings-regular-5.html]
[landing.zytheme.com/cobuild/assets/css/polina.html]
